Release 14.7 - xst P.20131013 (nt64)
Copyright (c) 1995-2013 Xilinx, Inc.  All rights reserved.
--> Parameter TMPDIR set to xst/projnav.tmp


Total REAL time to Xst completion: 0.00 secs
Total CPU time to Xst completion: 0.18 secs
 
--> Parameter xsthdpdir set to xst


Total REAL time to Xst completion: 0.00 secs
Total CPU time to Xst completion: 0.18 secs
 
--> Reading design: cpu_checker.prj

TABLE OF CONTENTS
  1) Synthesis Options Summary
  2) HDL Parsing
  3) HDL Elaboration
  4) HDL Synthesis
       4.1) HDL Synthesis Report
  5) Advanced HDL Synthesis
       5.1) Advanced HDL Synthesis Report
  6) Low Level Synthesis
  7) Partition Report
  8) Design Summary
       8.1) Primitive and Black Box Usage
       8.2) Device utilization summary
       8.3) Partition Resource Summary
       8.4) Timing Report
            8.4.1) Clock Information
            8.4.2) Asynchronous Control Signals Information
            8.4.3) Timing Summary
            8.4.4) Timing Details
            8.4.5) Cross Clock Domains Report


=========================================================================
*                      Synthesis Options Summary                        *
=========================================================================
---- Source Parameters
Input File Name                    : "cpu_checker.prj"
Ignore Synthesis Constraint File   : NO

---- Target Parameters
Output File Name                   : "cpu_checker"
Output Format                      : NGC
Target Device                      : xc7a100t-3-csg324

---- Source Options
Top Module Name                    : cpu_checker
Automatic FSM Extraction           : YES
FSM Encoding Algorithm             : Auto
Safe Implementation                : No
FSM Style                          : LUT
RAM Extraction                     : Yes
RAM Style                          : Auto
ROM Extraction                     : Yes
Shift Register Extraction          : YES
ROM Style                          : Auto
Resource Sharing                   : YES
Asynchronous To Synchronous        : NO
Shift Register Minimum Size        : 2
Use DSP Block                      : Auto
Automatic Register Balancing       : No

---- Target Options
LUT Combining                      : Auto
Reduce Control Sets                : Auto
Add IO Buffers                     : YES
Global Maximum Fanout              : 100000
Add Generic Clock Buffer(BUFG)     : 32
Register Duplication               : YES
Optimize Instantiated Primitives   : NO
Use Clock Enable                   : Auto
Use Synchronous Set                : Auto
Use Synchronous Reset              : Auto
Pack IO Registers into IOBs        : Auto
Equivalent register Removal        : YES

---- General Options
Optimization Goal                  : Speed
Optimization Effort                : 1
Power Reduction                    : NO
Keep Hierarchy                     : No
Netlist Hierarchy                  : As_Optimized
RTL Output                         : Yes
Global Optimization                : AllClockNets
Read Cores                         : YES
Write Timing Constraints           : NO
Cross Clock Analysis               : NO
Hierarchy Separator                : /
Bus Delimiter                      : <>
Case Specifier                     : Maintain
Slice Utilization Ratio            : 100
BRAM Utilization Ratio             : 100
DSP48 Utilization Ratio            : 100
Auto BRAM Packing                  : NO
Slice Utilization Ratio Delta      : 5

=========================================================================


=========================================================================
*                          HDL Parsing                                  *
=========================================================================
Analyzing Verilog file "D:\verilog\cpu\cpu_checker.v" into library work
Parsing module <cpu_checker>.

=========================================================================
*                            HDL Elaboration                            *
=========================================================================

Elaborating module <cpu_checker>.
WARNING:HDLCompiler:413 - "D:\verilog\cpu\cpu_checker.v" Line 231: Result of 32-bit expression is truncated to fit in 4-bit target.
WARNING:HDLCompiler:413 - "D:\verilog\cpu\cpu_checker.v" Line 233: Result of 32-bit expression is truncated to fit in 4-bit target.
WARNING:HDLCompiler:413 - "D:\verilog\cpu\cpu_checker.v" Line 236: Result of 32-bit expression is truncated to fit in 4-bit target.
WARNING:HDLCompiler:413 - "D:\verilog\cpu\cpu_checker.v" Line 239: Result of 32-bit expression is truncated to fit in 2-bit target.

=========================================================================
*                           HDL Synthesis                               *
=========================================================================

Synthesizing Unit <cpu_checker>.
    Related source file is "D:\verilog\cpu\cpu_checker.v".
WARNING:Xst:647 - Input <freq<0:0>> is never used. This port will be preserved and left unconnected if it belongs to a top-level block or it belongs to a sub-block and the hierarchy of this sub-block is preserved.
    Found 32-bit register for signal <cnt>.
    Found 2-bit register for signal <format_type>.
    Found 4-bit register for signal <error_code>.
    Found 32-bit register for signal <pc>.
    Found 32-bit register for signal <t>.
    Found 32-bit register for signal <addr>.
    Found 32-bit register for signal <grf>.
    Found 32-bit register for signal <op>.
    Found 4-bit register for signal <status>.
    Found finite state machine <FSM_0> for signal <status>.
    -----------------------------------------------------------------------
    | States             | 13                                             |
    | Transitions        | 56                                             |
    | Inputs             | 19                                             |
    | Outputs            | 6                                              |
    | Clock              | clk (rising_edge)                              |
    | Reset              | reset (positive)                               |
    | Reset type         | synchronous                                    |
    | Reset State        | 0000                                           |
    | Power Up State     | 0000                                           |
    | Encoding           | auto                                           |
    | Implementation     | LUT                                            |
    -----------------------------------------------------------------------
    Found 9-bit subtractor for signal <GND_1_o_GND_1_o_sub_54_OUT> created at line 94.
    Found 9-bit subtractor for signal <GND_1_o_GND_1_o_sub_56_OUT> created at line 94.
    Found 10-bit subtractor for signal <GND_1_o_GND_1_o_sub_85_OUT> created at line 123.
    Found 10-bit subtractor for signal <GND_1_o_GND_1_o_sub_99_OUT> created at line 130.
    Found 32-bit subtractor for signal <status[3]_unary_minus_212_OUT> created at line 230.
    Found 32-bit adder for signal <GND_1_o_GND_1_o_add_54_OUT> created at line 94.
    Found 32-bit adder for signal <GND_1_o_GND_1_o_add_57_OUT> created at line 94.
    Found 9-bit adder for signal <n0382[8:0]> created at line 130.
    Found 32-bit adder for signal <GND_1_o_GND_1_o_add_99_OUT> created at line 130.
    Found 32-bit adder for signal <cnt[31]_GND_1_o_add_185_OUT> created at line 206.
    Found 32-bit subtractor for signal <_n0451> created at line 153.
    Found 32-bit adder for signal <GND_1_o_GND_1_o_sub_135_OUT> created at line 153.
    Found 32-bit adder for signal <GND_1_o_GND_1_o_sub_21_OUT> created at line 73.
    Found 32-bit shifter logical left for signal <t[31]_GND_1_o_shift_left_21_OUT> created at line 73
    Found 32-bit shifter logical left for signal <pc[31]_GND_1_o_shift_left_58_OUT> created at line 94
    Found 32-bit shifter logical left for signal <addr[31]_GND_1_o_shift_left_85_OUT> created at line 123
    Found 32-bit shifter logical left for signal <addr[31]_GND_1_o_shift_left_100_OUT> created at line 130
    Found 32-bit shifter logical left for signal <addr[31]_GND_1_o_shift_left_125_OUT> created at line 142
    Found 32-bit shifter logical left for signal <grf[31]_GND_1_o_shift_left_135_OUT> created at line 153
    Found 32-bit comparator greater for signal <n0062> created at line 151
    Found 8-bit comparator greater for signal <n0100> created at line 205
    Found 8-bit comparator greater for signal <n0102> created at line 205
    Found 8-bit comparator greater for signal <n0105> created at line 205
    Found 8-bit comparator greater for signal <n0107> created at line 205
    Found 32-bit comparator greater for signal <n0112> created at line 207
    Found 32-bit comparator greater for signal <status[3]_GND_1_o_LessThan_214_o> created at line 230
    Found 32-bit comparator greater for signal <GND_1_o_status[3]_LessThan_216_o> created at line 231
    Found 32-bit comparator greater for signal <status[3]_GND_1_o_LessThan_217_o> created at line 231
    Found 32-bit comparator not equal for signal <n0145> created at line 231
    Found 32-bit comparator greater for signal <status[3]_GND_1_o_LessThan_222_o> created at line 233
    Found 32-bit comparator greater for signal <status[3]_GND_1_o_LessThan_225_o> created at line 236
    Found 32-bit comparator not equal for signal <n0155> created at line 236
    Summary:
	inferred  13 Adder/Subtractor(s).
	inferred 198 D-type flip-flop(s).
	inferred  13 Comparator(s).
	inferred  53 Multiplexer(s).
	inferred   6 Combinational logic shifter(s).
	inferred   1 Finite State Machine(s).
Unit <cpu_checker> synthesized.

=========================================================================
HDL Synthesis Report

Macro Statistics
# Adders/Subtractors                                   : 13
 10-bit subtractor                                     : 2
 32-bit adder                                          : 6
 32-bit subtractor                                     : 2
 9-bit adder                                           : 1
 9-bit subtractor                                      : 2
# Registers                                            : 8
 2-bit register                                        : 1
 32-bit register                                       : 6
 4-bit register                                        : 1
# Comparators                                          : 13
 32-bit comparator greater                             : 7
 32-bit comparator not equal                           : 2
 8-bit comparator greater                              : 4
# Multiplexers                                         : 53
 32-bit 2-to-1 multiplexer                             : 49
 4-bit 2-to-1 multiplexer                              : 4
# Logic shifters                                       : 6
 32-bit shifter logical left                           : 6
# FSMs                                                 : 1

=========================================================================

=========================================================================
*                       Advanced HDL Synthesis                          *
=========================================================================


=========================================================================
Advanced HDL Synthesis Report

Macro Statistics
# Adders/Subtractors                                   : 13
 10-bit subtractor                                     : 2
 32-bit adder                                          : 6
 32-bit subtractor                                     : 2
 9-bit adder                                           : 1
 9-bit subtractor                                      : 2
# Registers                                            : 198
 Flip-Flops                                            : 198
# Comparators                                          : 13
 32-bit comparator greater                             : 7
 32-bit comparator not equal                           : 2
 8-bit comparator greater                              : 4
# Multiplexers                                         : 53
 32-bit 2-to-1 multiplexer                             : 49
 4-bit 2-to-1 multiplexer                              : 4
# Logic shifters                                       : 6
 32-bit shifter logical left                           : 6
# FSMs                                                 : 1

=========================================================================

=========================================================================
*                         Low Level Synthesis                           *
=========================================================================
Analyzing FSM <MFsm> for best encoding.
Optimizing FSM <FSM_0> on signal <status[1:4]> with user encoding.
-------------------
 State | Encoding
-------------------
 0000  | 0000
 0001  | 0001
 0010  | 0010
 0011  | 0011
 0100  | 0100
 0101  | 0101
 0110  | 0110
 0111  | 0111
 1000  | 1000
 1001  | 1001
 1010  | 1010
 1011  | 1011
 1100  | 1100
-------------------

Optimizing unit <cpu_checker> ...
WARNING:Xst:1293 - FF/Latch <op_31> has a constant value of 0 in block <cpu_checker>. This FF/Latch will be trimmed during the optimization process.
WARNING:Xst:1896 - Due to other FF/Latch trimming, FF/Latch <op_30> has a constant value of 0 in block <cpu_checker>. This FF/Latch will be trimmed during the optimization process.
WARNING:Xst:1896 - Due to other FF/Latch trimming, FF/Latch <op_29> has a constant value of 0 in block <cpu_checker>. This FF/Latch will be trimmed during the optimization process.
WARNING:Xst:1896 - Due to other FF/Latch trimming, FF/Latch <op_28> has a constant value of 0 in block <cpu_checker>. This FF/Latch will be trimmed during the optimization process.
WARNING:Xst:1896 - Due to other FF/Latch trimming, FF/Latch <op_27> has a constant value of 0 in block <cpu_checker>. This FF/Latch will be trimmed during the optimization process.
WARNING:Xst:1896 - Due to other FF/Latch trimming, FF/Latch <op_26> has a constant value of 0 in block <cpu_checker>. This FF/Latch will be trimmed during the optimization process.
WARNING:Xst:1896 - Due to other FF/Latch trimming, FF/Latch <op_25> has a constant value of 0 in block <cpu_checker>. This FF/Latch will be trimmed during the optimization process.
WARNING:Xst:1896 - Due to other FF/Latch trimming, FF/Latch <op_24> has a constant value of 0 in block <cpu_checker>. This FF/Latch will be trimmed during the optimization process.
WARNING:Xst:1896 - Due to other FF/Latch trimming, FF/Latch <op_23> has a constant value of 0 in block <cpu_checker>. This FF/Latch will be trimmed during the optimization process.
WARNING:Xst:1896 - Due to other FF/Latch trimming, FF/Latch <op_22> has a constant value of 0 in block <cpu_checker>. This FF/Latch will be trimmed during the optimization process.
WARNING:Xst:1896 - Due to other FF/Latch trimming, FF/Latch <op_21> has a constant value of 0 in block <cpu_checker>. This FF/Latch will be trimmed during the optimization process.
WARNING:Xst:1896 - Due to other FF/Latch trimming, FF/Latch <op_20> has a constant value of 0 in block <cpu_checker>. This FF/Latch will be trimmed during the optimization process.
WARNING:Xst:1896 - Due to other FF/Latch trimming, FF/Latch <op_19> has a constant value of 0 in block <cpu_checker>. This FF/Latch will be trimmed during the optimization process.
WARNING:Xst:1896 - Due to other FF/Latch trimming, FF/Latch <op_18> has a constant value of 0 in block <cpu_checker>. This FF/Latch will be trimmed during the optimization process.
WARNING:Xst:1896 - Due to other FF/Latch trimming, FF/Latch <op_17> has a constant value of 0 in block <cpu_checker>. This FF/Latch will be trimmed during the optimization process.
WARNING:Xst:1896 - Due to other FF/Latch trimming, FF/Latch <op_16> has a constant value of 0 in block <cpu_checker>. This FF/Latch will be trimmed during the optimization process.
WARNING:Xst:1896 - Due to other FF/Latch trimming, FF/Latch <op_15> has a constant value of 0 in block <cpu_checker>. This FF/Latch will be trimmed during the optimization process.
WARNING:Xst:1896 - Due to other FF/Latch trimming, FF/Latch <op_14> has a constant value of 0 in block <cpu_checker>. This FF/Latch will be trimmed during the optimization process.
WARNING:Xst:1896 - Due to other FF/Latch trimming, FF/Latch <op_13> has a constant value of 0 in block <cpu_checker>. This FF/Latch will be trimmed during the optimization process.
WARNING:Xst:1896 - Due to other FF/Latch trimming, FF/Latch <op_12> has a constant value of 0 in block <cpu_checker>. This FF/Latch will be trimmed during the optimization process.
WARNING:Xst:1896 - Due to other FF/Latch trimming, FF/Latch <op_11> has a constant value of 0 in block <cpu_checker>. This FF/Latch will be trimmed during the optimization process.
WARNING:Xst:1896 - Due to other FF/Latch trimming, FF/Latch <op_10> has a constant value of 0 in block <cpu_checker>. This FF/Latch will be trimmed during the optimization process.
WARNING:Xst:1896 - Due to other FF/Latch trimming, FF/Latch <op_9> has a constant value of 0 in block <cpu_checker>. This FF/Latch will be trimmed during the optimization process.
WARNING:Xst:1896 - Due to other FF/Latch trimming, FF/Latch <op_8> has a constant value of 0 in block <cpu_checker>. This FF/Latch will be trimmed during the optimization process.
WARNING:Xst:1896 - Due to other FF/Latch trimming, FF/Latch <op_7> has a constant value of 0 in block <cpu_checker>. This FF/Latch will be trimmed during the optimization process.
WARNING:Xst:1896 - Due to other FF/Latch trimming, FF/Latch <op_6> has a constant value of 0 in block <cpu_checker>. This FF/Latch will be trimmed during the optimization process.
WARNING:Xst:1896 - Due to other FF/Latch trimming, FF/Latch <op_5> has a constant value of 0 in block <cpu_checker>. This FF/Latch will be trimmed during the optimization process.
WARNING:Xst:1896 - Due to other FF/Latch trimming, FF/Latch <op_4> has a constant value of 0 in block <cpu_checker>. This FF/Latch will be trimmed during the optimization process.
WARNING:Xst:1896 - Due to other FF/Latch trimming, FF/Latch <op_3> has a constant value of 0 in block <cpu_checker>. This FF/Latch will be trimmed during the optimization process.
WARNING:Xst:1896 - Due to other FF/Latch trimming, FF/Latch <op_2> has a constant value of 0 in block <cpu_checker>. This FF/Latch will be trimmed during the optimization process.
WARNING:Xst:1896 - Due to other FF/Latch trimming, FF/Latch <op_1> has a constant value of 0 in block <cpu_checker>. This FF/Latch will be trimmed during the optimization process.
WARNING:Xst:1293 - FF/Latch <grf_0> has a constant value of 0 in block <cpu_checker>. This FF/Latch will be trimmed during the optimization process.
WARNING:Xst:1896 - Due to other FF/Latch trimming, FF/Latch <addr_0> has a constant value of 0 in block <cpu_checker>. This FF/Latch will be trimmed during the optimization process.
WARNING:Xst:1896 - Due to other FF/Latch trimming, FF/Latch <t_0> has a constant value of 0 in block <cpu_checker>. This FF/Latch will be trimmed during the optimization process.
WARNING:Xst:1293 - FF/Latch <grf_1> has a constant value of 0 in block <cpu_checker>. This FF/Latch will be trimmed during the optimization process.
WARNING:Xst:1896 - Due to other FF/Latch trimming, FF/Latch <t_1> has a constant value of 0 in block <cpu_checker>. This FF/Latch will be trimmed during the optimization process.
WARNING:Xst:1293 - FF/Latch <grf_2> has a constant value of 0 in block <cpu_checker>. This FF/Latch will be trimmed during the optimization process.
WARNING:Xst:1896 - Due to other FF/Latch trimming, FF/Latch <t_2> has a constant value of 0 in block <cpu_checker>. This FF/Latch will be trimmed during the optimization process.
WARNING:Xst:1293 - FF/Latch <grf_3> has a constant value of 0 in block <cpu_checker>. This FF/Latch will be trimmed during the optimization process.
WARNING:Xst:1896 - Due to other FF/Latch trimming, FF/Latch <t_3> has a constant value of 0 in block <cpu_checker>. This FF/Latch will be trimmed during the optimization process.
WARNING:Xst:1293 - FF/Latch <t_4> has a constant value of 0 in block <cpu_checker>. This FF/Latch will be trimmed during the optimization process.
WARNING:Xst:1293 - FF/Latch <t_5> has a constant value of 0 in block <cpu_checker>. This FF/Latch will be trimmed during the optimization process.
WARNING:Xst:1293 - FF/Latch <t_6> has a constant value of 0 in block <cpu_checker>. This FF/Latch will be trimmed during the optimization process.
WARNING:Xst:1293 - FF/Latch <t_7> has a constant value of 0 in block <cpu_checker>. This FF/Latch will be trimmed during the optimization process.
WARNING:Xst:1293 - FF/Latch <t_8> has a constant value of 0 in block <cpu_checker>. This FF/Latch will be trimmed during the optimization process.
WARNING:Xst:1293 - FF/Latch <t_9> has a constant value of 0 in block <cpu_checker>. This FF/Latch will be trimmed during the optimization process.
WARNING:Xst:1293 - FF/Latch <pc_3> has a constant value of 0 in block <cpu_checker>. This FF/Latch will be trimmed during the optimization process.
WARNING:Xst:1896 - Due to other FF/Latch trimming, FF/Latch <pc_4> has a constant value of 0 in block <cpu_checker>. This FF/Latch will be trimmed during the optimization process.
WARNING:Xst:1896 - Due to other FF/Latch trimming, FF/Latch <pc_5> has a constant value of 0 in block <cpu_checker>. This FF/Latch will be trimmed during the optimization process.
WARNING:Xst:1896 - Due to other FF/Latch trimming, FF/Latch <pc_6> has a constant value of 0 in block <cpu_checker>. This FF/Latch will be trimmed during the optimization process.
WARNING:Xst:1896 - Due to other FF/Latch trimming, FF/Latch <pc_7> has a constant value of 0 in block <cpu_checker>. This FF/Latch will be trimmed during the optimization process.
WARNING:Xst:1896 - Due to other FF/Latch trimming, FF/Latch <pc_8> has a constant value of 0 in block <cpu_checker>. This FF/Latch will be trimmed during the optimization process.
WARNING:Xst:1896 - Due to other FF/Latch trimming, FF/Latch <pc_9> has a constant value of 0 in block <cpu_checker>. This FF/Latch will be trimmed during the optimization process.
WARNING:Xst:1896 - Due to other FF/Latch trimming, FF/Latch <pc_10> has a constant value of 0 in block <cpu_checker>. This FF/Latch will be trimmed during the optimization process.
WARNING:Xst:1896 - Due to other FF/Latch trimming, FF/Latch <pc_11> has a constant value of 0 in block <cpu_checker>. This FF/Latch will be trimmed during the optimization process.
WARNING:Xst:1896 - Due to other FF/Latch trimming, FF/Latch <pc_12> has a constant value of 0 in block <cpu_checker>. This FF/Latch will be trimmed during the optimization process.
WARNING:Xst:1896 - Due to other FF/Latch trimming, FF/Latch <pc_13> has a constant value of 0 in block <cpu_checker>. This FF/Latch will be trimmed during the optimization process.
WARNING:Xst:1896 - Due to other FF/Latch trimming, FF/Latch <pc_14> has a constant value of 0 in block <cpu_checker>. This FF/Latch will be trimmed during the optimization process.
WARNING:Xst:1896 - Due to other FF/Latch trimming, FF/Latch <pc_15> has a constant value of 0 in block <cpu_checker>. This FF/Latch will be trimmed during the optimization process.
WARNING:Xst:1896 - Due to other FF/Latch trimming, FF/Latch <pc_16> has a constant value of 0 in block <cpu_checker>. This FF/Latch will be trimmed during the optimization process.
WARNING:Xst:1896 - Due to other FF/Latch trimming, FF/Latch <pc_17> has a constant value of 0 in block <cpu_checker>. This FF/Latch will be trimmed during the optimization process.
WARNING:Xst:1896 - Due to other FF/Latch trimming, FF/Latch <pc_18> has a constant value of 0 in block <cpu_checker>. This FF/Latch will be trimmed during the optimization process.
WARNING:Xst:1896 - Due to other FF/Latch trimming, FF/Latch <pc_19> has a constant value of 0 in block <cpu_checker>. This FF/Latch will be trimmed during the optimization process.
WARNING:Xst:1896 - Due to other FF/Latch trimming, FF/Latch <addr_17> has a constant value of 0 in block <cpu_checker>. This FF/Latch will be trimmed during the optimization process.
WARNING:Xst:1896 - Due to other FF/Latch trimming, FF/Latch <addr_18> has a constant value of 0 in block <cpu_checker>. This FF/Latch will be trimmed during the optimization process.
WARNING:Xst:1896 - Due to other FF/Latch trimming, FF/Latch <addr_19> has a constant value of 0 in block <cpu_checker>. This FF/Latch will be trimmed during the optimization process.
WARNING:Xst:1896 - Due to other FF/Latch trimming, FF/Latch <addr_20> has a constant value of 0 in block <cpu_checker>. This FF/Latch will be trimmed during the optimization process.
WARNING:Xst:1896 - Due to other FF/Latch trimming, FF/Latch <addr_21> has a constant value of 0 in block <cpu_checker>. This FF/Latch will be trimmed during the optimization process.
WARNING:Xst:1896 - Due to other FF/Latch trimming, FF/Latch <addr_22> has a constant value of 0 in block <cpu_checker>. This FF/Latch will be trimmed during the optimization process.
WARNING:Xst:1896 - Due to other FF/Latch trimming, FF/Latch <addr_23> has a constant value of 0 in block <cpu_checker>. This FF/Latch will be trimmed during the optimization process.
WARNING:Xst:1896 - Due to other FF/Latch trimming, FF/Latch <addr_24> has a constant value of 0 in block <cpu_checker>. This FF/Latch will be trimmed during the optimization process.
WARNING:Xst:1896 - Due to other FF/Latch trimming, FF/Latch <addr_25> has a constant value of 0 in block <cpu_checker>. This FF/Latch will be trimmed during the optimization process.
WARNING:Xst:1896 - Due to other FF/Latch trimming, FF/Latch <addr_26> has a constant value of 0 in block <cpu_checker>. This FF/Latch will be trimmed during the optimization process.
WARNING:Xst:1896 - Due to other FF/Latch trimming, FF/Latch <addr_27> has a constant value of 0 in block <cpu_checker>. This FF/Latch will be trimmed during the optimization process.
WARNING:Xst:1896 - Due to other FF/Latch trimming, FF/Latch <addr_28> has a constant value of 0 in block <cpu_checker>. This FF/Latch will be trimmed during the optimization process.
WARNING:Xst:1896 - Due to other FF/Latch trimming, FF/Latch <addr_29> has a constant value of 0 in block <cpu_checker>. This FF/Latch will be trimmed during the optimization process.
WARNING:Xst:1896 - Due to other FF/Latch trimming, FF/Latch <addr_30> has a constant value of 0 in block <cpu_checker>. This FF/Latch will be trimmed during the optimization process.
WARNING:Xst:1896 - Due to other FF/Latch trimming, FF/Latch <addr_31> has a constant value of 0 in block <cpu_checker>. This FF/Latch will be trimmed during the optimization process.
WARNING:Xst:1896 - Due to other FF/Latch trimming, FF/Latch <pc_0> has a constant value of 0 in block <cpu_checker>. This FF/Latch will be trimmed during the optimization process.
WARNING:Xst:1896 - Due to other FF/Latch trimming, FF/Latch <pc_1> has a constant value of 0 in block <cpu_checker>. This FF/Latch will be trimmed during the optimization process.
WARNING:Xst:1896 - Due to other FF/Latch trimming, FF/Latch <pc_2> has a constant value of 0 in block <cpu_checker>. This FF/Latch will be trimmed during the optimization process.
WARNING:Xst:1896 - Due to other FF/Latch trimming, FF/Latch <t_16> has a constant value of 0 in block <cpu_checker>. This FF/Latch will be trimmed during the optimization process.
WARNING:Xst:1896 - Due to other FF/Latch trimming, FF/Latch <t_17> has a constant value of 0 in block <cpu_checker>. This FF/Latch will be trimmed during the optimization process.
WARNING:Xst:1896 - Due to other FF/Latch trimming, FF/Latch <t_18> has a constant value of 0 in block <cpu_checker>. This FF/Latch will be trimmed during the optimization process.
WARNING:Xst:1896 - Due to other FF/Latch trimming, FF/Latch <t_19> has a constant value of 0 in block <cpu_checker>. This FF/Latch will be trimmed during the optimization process.
WARNING:Xst:1896 - Due to other FF/Latch trimming, FF/Latch <t_20> has a constant value of 0 in block <cpu_checker>. This FF/Latch will be trimmed during the optimization process.
WARNING:Xst:1896 - Due to other FF/Latch trimming, FF/Latch <t_21> has a constant value of 0 in block <cpu_checker>. This FF/Latch will be trimmed during the optimization process.
WARNING:Xst:1896 - Due to other FF/Latch trimming, FF/Latch <t_22> has a constant value of 0 in block <cpu_checker>. This FF/Latch will be trimmed during the optimization process.
WARNING:Xst:1896 - Due to other FF/Latch trimming, FF/Latch <t_23> has a constant value of 0 in block <cpu_checker>. This FF/Latch will be trimmed during the optimization process.
WARNING:Xst:1896 - Due to other FF/Latch trimming, FF/Latch <t_24> has a constant value of 0 in block <cpu_checker>. This FF/Latch will be trimmed during the optimization process.
WARNING:Xst:1896 - Due to other FF/Latch trimming, FF/Latch <t_25> has a constant value of 0 in block <cpu_checker>. This FF/Latch will be trimmed during the optimization process.
WARNING:Xst:1896 - Due to other FF/Latch trimming, FF/Latch <t_26> has a constant value of 0 in block <cpu_checker>. This FF/Latch will be trimmed during the optimization process.
WARNING:Xst:1896 - Due to other FF/Latch trimming, FF/Latch <t_27> has a constant value of 0 in block <cpu_checker>. This FF/Latch will be trimmed during the optimization process.
WARNING:Xst:1896 - Due to other FF/Latch trimming, FF/Latch <t_28> has a constant value of 0 in block <cpu_checker>. This FF/Latch will be trimmed during the optimization process.
WARNING:Xst:1896 - Due to other FF/Latch trimming, FF/Latch <t_29> has a constant value of 0 in block <cpu_checker>. This FF/Latch will be trimmed during the optimization process.
WARNING:Xst:1896 - Due to other FF/Latch trimming, FF/Latch <t_30> has a constant value of 0 in block <cpu_checker>. This FF/Latch will be trimmed during the optimization process.
WARNING:Xst:1896 - Due to other FF/Latch trimming, FF/Latch <t_31> has a constant value of 0 in block <cpu_checker>. This FF/Latch will be trimmed during the optimization process.
WARNING:Xst:1896 - Due to other FF/Latch trimming, FF/Latch <error_code_2> has a constant value of 0 in block <cpu_checker>. This FF/Latch will be trimmed during the optimization process.
WARNING:Xst:1896 - Due to other FF/Latch trimming, FF/Latch <error_code_3> has a constant value of 0 in block <cpu_checker>. This FF/Latch will be trimmed during the optimization process.
WARNING:Xst:1896 - Due to other FF/Latch trimming, FF/Latch <pc_20> has a constant value of 0 in block <cpu_checker>. This FF/Latch will be trimmed during the optimization process.
WARNING:Xst:1896 - Due to other FF/Latch trimming, FF/Latch <pc_21> has a constant value of 0 in block <cpu_checker>. This FF/Latch will be trimmed during the optimization process.
WARNING:Xst:1896 - Due to other FF/Latch trimming, FF/Latch <pc_22> has a constant value of 0 in block <cpu_checker>. This FF/Latch will be trimmed during the optimization process.
WARNING:Xst:1896 - Due to other FF/Latch trimming, FF/Latch <pc_23> has a constant value of 0 in block <cpu_checker>. This FF/Latch will be trimmed during the optimization process.
WARNING:Xst:1896 - Due to other FF/Latch trimming, FF/Latch <pc_24> has a constant value of 0 in block <cpu_checker>. This FF/Latch will be trimmed during the optimization process.
WARNING:Xst:1896 - Due to other FF/Latch trimming, FF/Latch <pc_25> has a constant value of 0 in block <cpu_checker>. This FF/Latch will be trimmed during the optimization process.
WARNING:Xst:1896 - Due to other FF/Latch trimming, FF/Latch <pc_26> has a constant value of 0 in block <cpu_checker>. This FF/Latch will be trimmed during the optimization process.
WARNING:Xst:1896 - Due to other FF/Latch trimming, FF/Latch <pc_27> has a constant value of 0 in block <cpu_checker>. This FF/Latch will be trimmed during the optimization process.
WARNING:Xst:1896 - Due to other FF/Latch trimming, FF/Latch <pc_28> has a constant value of 0 in block <cpu_checker>. This FF/Latch will be trimmed during the optimization process.
WARNING:Xst:1896 - Due to other FF/Latch trimming, FF/Latch <pc_29> has a constant value of 0 in block <cpu_checker>. This FF/Latch will be trimmed during the optimization process.
WARNING:Xst:1896 - Due to other FF/Latch trimming, FF/Latch <pc_30> has a constant value of 0 in block <cpu_checker>. This FF/Latch will be trimmed during the optimization process.
WARNING:Xst:1896 - Due to other FF/Latch trimming, FF/Latch <pc_31> has a constant value of 0 in block <cpu_checker>. This FF/Latch will be trimmed during the optimization process.
WARNING:Xst:1896 - Due to other FF/Latch trimming, FF/Latch <t_10> has a constant value of 0 in block <cpu_checker>. This FF/Latch will be trimmed during the optimization process.
WARNING:Xst:1896 - Due to other FF/Latch trimming, FF/Latch <t_11> has a constant value of 0 in block <cpu_checker>. This FF/Latch will be trimmed during the optimization process.
WARNING:Xst:1896 - Due to other FF/Latch trimming, FF/Latch <t_12> has a constant value of 0 in block <cpu_checker>. This FF/Latch will be trimmed during the optimization process.
WARNING:Xst:1896 - Due to other FF/Latch trimming, FF/Latch <t_13> has a constant value of 0 in block <cpu_checker>. This FF/Latch will be trimmed during the optimization process.
WARNING:Xst:1896 - Due to other FF/Latch trimming, FF/Latch <t_14> has a constant value of 0 in block <cpu_checker>. This FF/Latch will be trimmed during the optimization process.
WARNING:Xst:1896 - Due to other FF/Latch trimming, FF/Latch <t_15> has a constant value of 0 in block <cpu_checker>. This FF/Latch will be trimmed during the optimization process.
WARNING:Xst:1896 - Due to other FF/Latch trimming, FF/Latch <cnt_22> has a constant value of 0 in block <cpu_checker>. This FF/Latch will be trimmed during the optimization process.
WARNING:Xst:1896 - Due to other FF/Latch trimming, FF/Latch <cnt_23> has a constant value of 0 in block <cpu_checker>. This FF/Latch will be trimmed during the optimization process.
WARNING:Xst:1896 - Due to other FF/Latch trimming, FF/Latch <cnt_24> has a constant value of 0 in block <cpu_checker>. This FF/Latch will be trimmed during the optimization process.
WARNING:Xst:1896 - Due to other FF/Latch trimming, FF/Latch <cnt_25> has a constant value of 0 in block <cpu_checker>. This FF/Latch will be trimmed during the optimization process.
WARNING:Xst:1896 - Due to other FF/Latch trimming, FF/Latch <cnt_26> has a constant value of 0 in block <cpu_checker>. This FF/Latch will be trimmed during the optimization process.
WARNING:Xst:1896 - Due to other FF/Latch trimming, FF/Latch <cnt_27> has a constant value of 0 in block <cpu_checker>. This FF/Latch will be trimmed during the optimization process.
WARNING:Xst:1896 - Due to other FF/Latch trimming, FF/Latch <cnt_28> has a constant value of 0 in block <cpu_checker>. This FF/Latch will be trimmed during the optimization process.
WARNING:Xst:1896 - Due to other FF/Latch trimming, FF/Latch <cnt_29> has a constant value of 0 in block <cpu_checker>. This FF/Latch will be trimmed during the optimization process.
WARNING:Xst:1896 - Due to other FF/Latch trimming, FF/Latch <cnt_30> has a constant value of 0 in block <cpu_checker>. This FF/Latch will be trimmed during the optimization process.
WARNING:Xst:1896 - Due to other FF/Latch trimming, FF/Latch <cnt_31> has a constant value of 0 in block <cpu_checker>. This FF/Latch will be trimmed during the optimization process.
WARNING:Xst:1896 - Due to other FF/Latch trimming, FF/Latch <grf_4> has a constant value of 0 in block <cpu_checker>. This FF/Latch will be trimmed during the optimization process.
WARNING:Xst:1896 - Due to other FF/Latch trimming, FF/Latch <grf_5> has a constant value of 0 in block <cpu_checker>. This FF/Latch will be trimmed during the optimization process.
WARNING:Xst:1896 - Due to other FF/Latch trimming, FF/Latch <grf_6> has a constant value of 0 in block <cpu_checker>. This FF/Latch will be trimmed during the optimization process.
WARNING:Xst:1896 - Due to other FF/Latch trimming, FF/Latch <grf_7> has a constant value of 0 in block <cpu_checker>. This FF/Latch will be trimmed during the optimization process.
WARNING:Xst:1896 - Due to other FF/Latch trimming, FF/Latch <grf_8> has a constant value of 0 in block <cpu_checker>. This FF/Latch will be trimmed during the optimization process.
WARNING:Xst:1896 - Due to other FF/Latch trimming, FF/Latch <grf_9> has a constant value of 0 in block <cpu_checker>. This FF/Latch will be trimmed during the optimization process.
WARNING:Xst:1896 - Due to other FF/Latch trimming, FF/Latch <grf_10> has a constant value of 0 in block <cpu_checker>. This FF/Latch will be trimmed during the optimization process.
WARNING:Xst:1896 - Due to other FF/Latch trimming, FF/Latch <grf_11> has a constant value of 0 in block <cpu_checker>. This FF/Latch will be trimmed during the optimization process.
WARNING:Xst:1896 - Due to other FF/Latch trimming, FF/Latch <cnt_4> has a constant value of 0 in block <cpu_checker>. This FF/Latch will be trimmed during the optimization process.
WARNING:Xst:1896 - Due to other FF/Latch trimming, FF/Latch <cnt_5> has a constant value of 0 in block <cpu_checker>. This FF/Latch will be trimmed during the optimization process.
WARNING:Xst:1896 - Due to other FF/Latch trimming, FF/Latch <cnt_6> has a constant value of 0 in block <cpu_checker>. This FF/Latch will be trimmed during the optimization process.
WARNING:Xst:1896 - Due to other FF/Latch trimming, FF/Latch <cnt_7> has a constant value of 0 in block <cpu_checker>. This FF/Latch will be trimmed during the optimization process.
WARNING:Xst:1896 - Due to other FF/Latch trimming, FF/Latch <cnt_8> has a constant value of 0 in block <cpu_checker>. This FF/Latch will be trimmed during the optimization process.
WARNING:Xst:1896 - Due to other FF/Latch trimming, FF/Latch <cnt_9> has a constant value of 0 in block <cpu_checker>. This FF/Latch will be trimmed during the optimization process.
WARNING:Xst:1896 - Due to other FF/Latch trimming, FF/Latch <cnt_10> has a constant value of 0 in block <cpu_checker>. This FF/Latch will be trimmed during the optimization process.
WARNING:Xst:1896 - Due to other FF/Latch trimming, FF/Latch <cnt_11> has a constant value of 0 in block <cpu_checker>. This FF/Latch will be trimmed during the optimization process.
WARNING:Xst:1896 - Due to other FF/Latch trimming, FF/Latch <cnt_12> has a constant value of 0 in block <cpu_checker>. This FF/Latch will be trimmed during the optimization process.
WARNING:Xst:1896 - Due to other FF/Latch trimming, FF/Latch <cnt_13> has a constant value of 0 in block <cpu_checker>. This FF/Latch will be trimmed during the optimization process.
WARNING:Xst:1896 - Due to other FF/Latch trimming, FF/Latch <cnt_14> has a constant value of 0 in block <cpu_checker>. This FF/Latch will be trimmed during the optimization process.
WARNING:Xst:1896 - Due to other FF/Latch trimming, FF/Latch <cnt_15> has a constant value of 0 in block <cpu_checker>. This FF/Latch will be trimmed during the optimization process.
WARNING:Xst:1896 - Due to other FF/Latch trimming, FF/Latch <cnt_16> has a constant value of 0 in block <cpu_checker>. This FF/Latch will be trimmed during the optimization process.
WARNING:Xst:1896 - Due to other FF/Latch trimming, FF/Latch <cnt_17> has a constant value of 0 in block <cpu_checker>. This FF/Latch will be trimmed during the optimization process.
WARNING:Xst:1896 - Due to other FF/Latch trimming, FF/Latch <cnt_18> has a constant value of 0 in block <cpu_checker>. This FF/Latch will be trimmed during the optimization process.
WARNING:Xst:1896 - Due to other FF/Latch trimming, FF/Latch <cnt_19> has a constant value of 0 in block <cpu_checker>. This FF/Latch will be trimmed during the optimization process.
WARNING:Xst:1896 - Due to other FF/Latch trimming, FF/Latch <cnt_20> has a constant value of 0 in block <cpu_checker>. This FF/Latch will be trimmed during the optimization process.
WARNING:Xst:1896 - Due to other FF/Latch trimming, FF/Latch <cnt_21> has a constant value of 0 in block <cpu_checker>. This FF/Latch will be trimmed during the optimization process.
WARNING:Xst:1896 - Due to other FF/Latch trimming, FF/Latch <grf_30> has a constant value of 0 in block <cpu_checker>. This FF/Latch will be trimmed during the optimization process.
WARNING:Xst:1896 - Due to other FF/Latch trimming, FF/Latch <grf_31> has a constant value of 0 in block <cpu_checker>. This FF/Latch will be trimmed during the optimization process.
WARNING:Xst:1896 - Due to other FF/Latch trimming, FF/Latch <addr_1> has a constant value of 0 in block <cpu_checker>. This FF/Latch will be trimmed during the optimization process.
WARNING:Xst:1896 - Due to other FF/Latch trimming, FF/Latch <addr_2> has a constant value of 0 in block <cpu_checker>. This FF/Latch will be trimmed during the optimization process.
WARNING:Xst:1896 - Due to other FF/Latch trimming, FF/Latch <addr_3> has a constant value of 0 in block <cpu_checker>. This FF/Latch will be trimmed during the optimization process.
WARNING:Xst:1896 - Due to other FF/Latch trimming, FF/Latch <addr_4> has a constant value of 0 in block <cpu_checker>. This FF/Latch will be trimmed during the optimization process.
WARNING:Xst:1896 - Due to other FF/Latch trimming, FF/Latch <addr_5> has a constant value of 0 in block <cpu_checker>. This FF/Latch will be trimmed during the optimization process.
WARNING:Xst:1896 - Due to other FF/Latch trimming, FF/Latch <addr_6> has a constant value of 0 in block <cpu_checker>. This FF/Latch will be trimmed during the optimization process.
WARNING:Xst:1896 - Due to other FF/Latch trimming, FF/Latch <addr_7> has a constant value of 0 in block <cpu_checker>. This FF/Latch will be trimmed during the optimization process.
WARNING:Xst:1896 - Due to other FF/Latch trimming, FF/Latch <addr_8> has a constant value of 0 in block <cpu_checker>. This FF/Latch will be trimmed during the optimization process.
WARNING:Xst:1896 - Due to other FF/Latch trimming, FF/Latch <addr_9> has a constant value of 0 in block <cpu_checker>. This FF/Latch will be trimmed during the optimization process.
WARNING:Xst:1896 - Due to other FF/Latch trimming, FF/Latch <addr_10> has a constant value of 0 in block <cpu_checker>. This FF/Latch will be trimmed during the optimization process.
WARNING:Xst:1896 - Due to other FF/Latch trimming, FF/Latch <addr_11> has a constant value of 0 in block <cpu_checker>. This FF/Latch will be trimmed during the optimization process.
WARNING:Xst:1896 - Due to other FF/Latch trimming, FF/Latch <addr_12> has a constant value of 0 in block <cpu_checker>. This FF/Latch will be trimmed during the optimization process.
WARNING:Xst:1896 - Due to other FF/Latch trimming, FF/Latch <addr_13> has a constant value of 0 in block <cpu_checker>. This FF/Latch will be trimmed during the optimization process.
WARNING:Xst:1896 - Due to other FF/Latch trimming, FF/Latch <addr_14> has a constant value of 0 in block <cpu_checker>. This FF/Latch will be trimmed during the optimization process.
WARNING:Xst:1896 - Due to other FF/Latch trimming, FF/Latch <addr_15> has a constant value of 0 in block <cpu_checker>. This FF/Latch will be trimmed during the optimization process.
WARNING:Xst:1896 - Due to other FF/Latch trimming, FF/Latch <addr_16> has a constant value of 0 in block <cpu_checker>. This FF/Latch will be trimmed during the optimization process.
WARNING:Xst:1896 - Due to other FF/Latch trimming, FF/Latch <grf_12> has a constant value of 0 in block <cpu_checker>. This FF/Latch will be trimmed during the optimization process.
WARNING:Xst:1896 - Due to other FF/Latch trimming, FF/Latch <grf_13> has a constant value of 0 in block <cpu_checker>. This FF/Latch will be trimmed during the optimization process.
WARNING:Xst:1896 - Due to other FF/Latch trimming, FF/Latch <grf_14> has a constant value of 0 in block <cpu_checker>. This FF/Latch will be trimmed during the optimization process.
WARNING:Xst:1896 - Due to other FF/Latch trimming, FF/Latch <grf_15> has a constant value of 0 in block <cpu_checker>. This FF/Latch will be trimmed during the optimization process.
WARNING:Xst:1896 - Due to other FF/Latch trimming, FF/Latch <grf_16> has a constant value of 0 in block <cpu_checker>. This FF/Latch will be trimmed during the optimization process.
WARNING:Xst:1896 - Due to other FF/Latch trimming, FF/Latch <grf_17> has a constant value of 0 in block <cpu_checker>. This FF/Latch will be trimmed during the optimization process.
WARNING:Xst:1896 - Due to other FF/Latch trimming, FF/Latch <grf_18> has a constant value of 0 in block <cpu_checker>. This FF/Latch will be trimmed during the optimization process.
WARNING:Xst:1896 - Due to other FF/Latch trimming, FF/Latch <grf_19> has a constant value of 0 in block <cpu_checker>. This FF/Latch will be trimmed during the optimization process.
WARNING:Xst:1896 - Due to other FF/Latch trimming, FF/Latch <grf_20> has a constant value of 0 in block <cpu_checker>. This FF/Latch will be trimmed during the optimization process.
WARNING:Xst:1896 - Due to other FF/Latch trimming, FF/Latch <grf_21> has a constant value of 0 in block <cpu_checker>. This FF/Latch will be trimmed during the optimization process.
WARNING:Xst:1896 - Due to other FF/Latch trimming, FF/Latch <grf_22> has a constant value of 0 in block <cpu_checker>. This FF/Latch will be trimmed during the optimization process.
WARNING:Xst:1896 - Due to other FF/Latch trimming, FF/Latch <grf_23> has a constant value of 0 in block <cpu_checker>. This FF/Latch will be trimmed during the optimization process.
WARNING:Xst:1896 - Due to other FF/Latch trimming, FF/Latch <grf_24> has a constant value of 0 in block <cpu_checker>. This FF/Latch will be trimmed during the optimization process.
WARNING:Xst:1896 - Due to other FF/Latch trimming, FF/Latch <grf_25> has a constant value of 0 in block <cpu_checker>. This FF/Latch will be trimmed during the optimization process.
WARNING:Xst:1896 - Due to other FF/Latch trimming, FF/Latch <grf_26> has a constant value of 0 in block <cpu_checker>. This FF/Latch will be trimmed during the optimization process.
WARNING:Xst:1896 - Due to other FF/Latch trimming, FF/Latch <grf_27> has a constant value of 0 in block <cpu_checker>. This FF/Latch will be trimmed during the optimization process.
WARNING:Xst:1896 - Due to other FF/Latch trimming, FF/Latch <grf_28> has a constant value of 0 in block <cpu_checker>. This FF/Latch will be trimmed during the optimization process.
WARNING:Xst:1896 - Due to other FF/Latch trimming, FF/Latch <grf_29> has a constant value of 0 in block <cpu_checker>. This FF/Latch will be trimmed during the optimization process.

Mapping all equations...
Building and optimizing final netlist ...
Found area constraint ratio of 100 (+ 5) on block cpu_checker, actual ratio is 0.

Final Macro Processing ...

=========================================================================
Final Register Report

Macro Statistics
# Registers                                            : 13
 Flip-Flops                                            : 13

=========================================================================

=========================================================================
*                           Partition Report                            *
=========================================================================

Partition Implementation Status
-------------------------------

  No Partitions were found in this design.

-------------------------------

=========================================================================
*                            Design Summary                             *
=========================================================================

Top Level Output File Name         : cpu_checker.ngc

Primitive and Black Box Usage:
------------------------------
# BELS                             : 156
#      GND                         : 1
#      INV                         : 2
#      LUT1                        : 4
#      LUT2                        : 12
#      LUT3                        : 8
#      LUT4                        : 13
#      LUT5                        : 19
#      LUT6                        : 57
#      MUXCY                       : 32
#      MUXF7                       : 2
#      VCC                         : 1
#      XORCY                       : 5
# FlipFlops/Latches                : 13
#      FD                          : 2
#      FDR                         : 7
#      FDRE                        : 4
# Clock Buffers                    : 1
#      BUFGP                       : 1
# IO Buffers                       : 30
#      IBUF                        : 24
#      OBUF                        : 6

Device utilization summary:
---------------------------

Selected Device : 7a100tcsg324-3 


Slice Logic Utilization: 
 Number of Slice Registers:              13  out of  126800     0%  
 Number of Slice LUTs:                  115  out of  63400     0%  
    Number used as Logic:               115  out of  63400     0%  

Slice Logic Distribution: 
 Number of LUT Flip Flop pairs used:    116
   Number with an unused Flip Flop:     103  out of    116    88%  
   Number with an unused LUT:             1  out of    116     0%  
   Number of fully used LUT-FF pairs:    12  out of    116    10%  
   Number of unique control sets:         5

IO Utilization: 
 Number of IOs:                          32
 Number of bonded IOBs:                  31  out of    210    14%  

Specific Feature Utilization:
 Number of BUFG/BUFGCTRLs:                1  out of     32     3%  

---------------------------
Partition Resource Summary:
---------------------------

  No Partitions were found in this design.

---------------------------


=========================================================================
Timing Report

NOTE: THESE TIMING NUMBERS ARE ONLY A SYNTHESIS ESTIMATE.
      FOR ACCURATE TIMING INFORMATION PLEASE REFER TO THE TRACE REPORT
      GENERATED AFTER PLACE-and-ROUTE.

Clock Information:
------------------
-----------------------------------+------------------------+-------+
Clock Signal                       | Clock buffer(FF name)  | Load  |
-----------------------------------+------------------------+-------+
clk                                | BUFGP                  | 13    |
-----------------------------------+------------------------+-------+

Asynchronous Control Signals Information:
----------------------------------------
No asynchronous control signals found in this design

Timing Summary:
---------------
Speed Grade: -3

   Minimum period: 4.963ns (Maximum Frequency: 201.487MHz)
   Minimum input arrival time before clock: 4.630ns
   Maximum output required time after clock: 0.640ns
   Maximum combinational path delay: No path found

Timing Details:
---------------
All values displayed in nanoseconds (ns)

=========================================================================
Timing constraint: Default period analysis for Clock 'clk'
  Clock period: 4.963ns (frequency: 201.487MHz)
  Total number of paths / destination ports: 5512 / 24
-------------------------------------------------------------------------
Delay:               4.963ns (Levels of Logic = 17)
  Source:            cnt_0 (FF)
  Destination:       cnt_0 (FF)
  Source Clock:      clk rising
  Destination Clock: clk rising

  Data Path: cnt_0 to cnt_0
                                Gate     Net
    Cell:in->out      fanout   Delay   Delay  Logical Name (Net Name)
    ----------------------------------------  ------------
     FDRE:C->Q             2   0.361   0.284  cnt_0 (cnt_0)
     INV:I->O              1   0.113   0.000  Madd_cnt[31]_GND_1_o_add_185_OUT_lut<0>_INV_0 (Madd_cnt[31]_GND_1_o_add_185_OUT_lut<0>)
     MUXCY:S->O            1   0.353   0.000  Madd_cnt[31]_GND_1_o_add_185_OUT_cy<0> (Madd_cnt[31]_GND_1_o_add_185_OUT_cy<0>)
     MUXCY:CI->O           1   0.023   0.000  Madd_cnt[31]_GND_1_o_add_185_OUT_cy<1> (Madd_cnt[31]_GND_1_o_add_185_OUT_cy<1>)
     MUXCY:CI->O           1   0.023   0.000  Madd_cnt[31]_GND_1_o_add_185_OUT_cy<2> (Madd_cnt[31]_GND_1_o_add_185_OUT_cy<2>)
     XORCY:CI->O           5   0.370   0.530  Madd_cnt[31]_GND_1_o_add_185_OUT_xor<3> (cnt[31]_GND_1_o_add_185_OUT<3>)
     LUT5:I2->O            1   0.097   0.000  Mcompar_n0112_lut<0> (Mcompar_n0112_lut<0>)
     MUXCY:S->O            1   0.353   0.000  Mcompar_n0112_cy<0> (Mcompar_n0112_cy<0>)
     MUXCY:CI->O           1   0.023   0.000  Mcompar_n0112_cy<1> (Mcompar_n0112_cy<1>)
     MUXCY:CI->O           1   0.023   0.000  Mcompar_n0112_cy<2> (Mcompar_n0112_cy<2>)
     MUXCY:CI->O           1   0.023   0.000  Mcompar_n0112_cy<3> (Mcompar_n0112_cy<3>)
     MUXCY:CI->O           1   0.023   0.000  Mcompar_n0112_cy<4> (Mcompar_n0112_cy<4>)
     MUXCY:CI->O           1   0.023   0.000  Mcompar_n0112_cy<5> (Mcompar_n0112_cy<5>)
     MUXCY:CI->O           7   0.023   0.323  Mcompar_n0112_cy<6> (Mcompar_n0112_cy<6>)
     LUT4:I3->O            3   0.097   0.389  status_FSM_FFd1-In21 (status_FSM_FFd1-In21)
     LUT5:I3->O            6   0.097   0.534  status_FSM_FFd1-In26 (status_FSM_FFd1-In2)
     LUT5:I2->O            1   0.097   0.295  status_GND_1_o_GND_1_o_equal_204_o8_SW0 (N20)
     LUT6:I5->O            4   0.097   0.293  _n0561_inv17 (_n0561_inv1)
     FDRE:CE                   0.095          cnt_0
    ----------------------------------------
    Total                      4.963ns (2.314ns logic, 2.649ns route)
                                       (46.6% logic, 53.4% route)

=========================================================================
Timing constraint: Default OFFSET IN BEFORE for Clock 'clk'
  Total number of paths / destination ports: 5055 / 28
-------------------------------------------------------------------------
Offset:              4.630ns (Levels of Logic = 9)
  Source:            char<5> (PAD)
  Destination:       cnt_0 (FF)
  Destination Clock: clk rising

  Data Path: char<5> to cnt_0
                                Gate     Net
    Cell:in->out      fanout   Delay   Delay  Logical Name (Net Name)
    ----------------------------------------  ------------
     IBUF:I->O            24   0.001   0.614  char_5_IBUF (Madd_n0382[8:0]_lut<5>)
     LUT3:I0->O            4   0.097   0.707  status_FSM_FFd3-In21 (status_FSM_FFd3-In2)
     LUT6:I0->O            2   0.097   0.299  status_FSM_FFd4-In4211 (status_FSM_FFd4-In421)
     LUT4:I3->O            1   0.097   0.379  status_FSM_FFd4-In11_SW0 (N55)
     LUT6:I4->O            1   0.097   0.379  status_FSM_FFd4-In11 (status_FSM_FFd4-In12)
     LUT6:I4->O            1   0.097   0.379  status_FSM_FFd4-In12 (status_FSM_FFd4-In13)
     LUT6:I4->O            8   0.097   0.411  status_FSM_FFd4-In13 (status_FSM_FFd4-In)
     LUT5:I3->O            1   0.097   0.295  status_GND_1_o_GND_1_o_equal_204_o8_SW0 (N20)
     LUT6:I5->O            4   0.097   0.293  _n0561_inv17 (_n0561_inv1)
     FDRE:CE                   0.095          cnt_0
    ----------------------------------------
    Total                      4.630ns (0.872ns logic, 3.758ns route)
                                       (18.8% logic, 81.2% route)

=========================================================================
Timing constraint: Default OFFSET OUT AFTER for Clock 'clk'
  Total number of paths / destination ports: 4 / 4
-------------------------------------------------------------------------
Offset:              0.640ns (Levels of Logic = 1)
  Source:            format_type_1 (FF)
  Destination:       format_type<1> (PAD)
  Source Clock:      clk rising

  Data Path: format_type_1 to format_type<1>
                                Gate     Net
    Cell:in->out      fanout   Delay   Delay  Logical Name (Net Name)
    ----------------------------------------  ------------
     FDR:C->Q              1   0.361   0.279  format_type_1 (format_type_1)
     OBUF:I->O                 0.000          format_type_1_OBUF (format_type<1>)
    ----------------------------------------
    Total                      0.640ns (0.361ns logic, 0.279ns route)
                                       (56.4% logic, 43.6% route)

=========================================================================

Cross Clock Domains Report:
--------------------------

Clock to Setup on destination clock clk
---------------+---------+---------+---------+---------+
               | Src:Rise| Src:Fall| Src:Rise| Src:Fall|
Source Clock   |Dest:Rise|Dest:Rise|Dest:Fall|Dest:Fall|
---------------+---------+---------+---------+---------+
clk            |    4.963|         |         |         |
---------------+---------+---------+---------+---------+

=========================================================================


Total REAL time to Xst completion: 22.00 secs
Total CPU time to Xst completion: 22.46 secs
 
--> 

Total memory usage is 4629604 kilobytes

Number of errors   :    0 (   0 filtered)
Number of warnings :  194 (   0 filtered)
Number of infos    :    0 (   0 filtered)

