--------------------------------------------------------------------------------
Release 14.7 Trace  (nt64)
Copyright (c) 1995-2013 Xilinx, Inc.  All rights reserved.

D:\Download\14.7\ISE_DS\ISE\bin\nt64\unwrapped\trce.exe -intstyle ise -v 3 -s 3
-n 3 -fastpaths -xml code.twx code.ncd -o code.twr code.pcf

Design file:              code.ncd
Physical constraint file: code.pcf
Device,package,speed:     xc7a100t,csg324,C,-3 (PRODUCTION 1.10 2013-10-13)
Report level:             verbose report

Environment Variable      Effect 
--------------------      ------ 
NONE                      No environment variables were set
--------------------------------------------------------------------------------

INFO:Timing:2698 - No timing constraints found, doing default enumeration.
INFO:Timing:3412 - To improve timing, see the Timing Closure User Guide (UG612).
INFO:Timing:2752 - To get complete path coverage, use the unconstrained paths 
   option. All paths that are not constrained will be reported in the 
   unconstrained paths section(s) of the report.
INFO:Timing:3339 - The clock-to-out numbers in this timing report are based on 
   a 50 Ohm transmission line loading model.  For the details of this model, 
   and for more information on accounting for different loading conditions, 
   please see the device datasheet.



Data Sheet report:
-----------------
All values displayed in nanoseconds (ns)

Setup/Hold to clock clk
------------+------------+------------+------------+------------+------------------+--------+
            |Max Setup to|  Process   |Max Hold to |  Process   |                  | Clock  |
Source      | clk (edge) |   Corner   | clk (edge) |   Corner   |Internal Clock(s) | Phase  |
------------+------------+------------+------------+------------+------------------+--------+
en          |    3.163(R)|      SLOW  |    0.892(R)|      SLOW  |clk_BUFGP         |   0.000|
reset       |    3.309(R)|      SLOW  |    2.026(R)|      SLOW  |clk_BUFGP         |   0.000|
slt         |    1.523(R)|      FAST  |    2.021(R)|      SLOW  |clk_BUFGP         |   0.000|
------------+------------+------------+------------+------------+------------------+--------+

Clock clk to Pad
------------+-----------------+------------+-----------------+------------+------------------+--------+
            |Max (slowest) clk|  Process   |Min (fastest) clk|  Process   |                  | Clock  |
Destination |  (edge) to PAD  |   Corner   |  (edge) to PAD  |   Corner   |Internal Clock(s) | Phase  |
------------+-----------------+------------+-----------------+------------+------------------+--------+
out0<0>     |         8.324(R)|      SLOW  |         3.515(R)|      FAST  |clk_BUFGP         |   0.000|
out0<1>     |         8.479(R)|      SLOW  |         3.581(R)|      FAST  |clk_BUFGP         |   0.000|
out0<2>     |         8.389(R)|      SLOW  |         3.536(R)|      FAST  |clk_BUFGP         |   0.000|
out0<3>     |         8.305(R)|      SLOW  |         3.515(R)|      FAST  |clk_BUFGP         |   0.000|
out0<4>     |         8.274(R)|      SLOW  |         3.487(R)|      FAST  |clk_BUFGP         |   0.000|
out0<5>     |         8.471(R)|      SLOW  |         3.603(R)|      FAST  |clk_BUFGP         |   0.000|
out0<6>     |         8.289(R)|      SLOW  |         3.498(R)|      FAST  |clk_BUFGP         |   0.000|
out0<7>     |         8.335(R)|      SLOW  |         3.535(R)|      FAST  |clk_BUFGP         |   0.000|
out0<8>     |         8.215(R)|      SLOW  |         3.476(R)|      FAST  |clk_BUFGP         |   0.000|
out0<9>     |         8.304(R)|      SLOW  |         3.510(R)|      FAST  |clk_BUFGP         |   0.000|
out0<10>    |         8.229(R)|      SLOW  |         3.476(R)|      FAST  |clk_BUFGP         |   0.000|
out0<11>    |         8.188(R)|      SLOW  |         3.470(R)|      FAST  |clk_BUFGP         |   0.000|
out0<12>    |         8.194(R)|      SLOW  |         3.473(R)|      FAST  |clk_BUFGP         |   0.000|
out0<13>    |         8.211(R)|      SLOW  |         3.483(R)|      FAST  |clk_BUFGP         |   0.000|
out0<14>    |         8.178(R)|      SLOW  |         3.451(R)|      FAST  |clk_BUFGP         |   0.000|
out0<15>    |         8.082(R)|      SLOW  |         3.384(R)|      FAST  |clk_BUFGP         |   0.000|
out0<16>    |         8.067(R)|      SLOW  |         3.410(R)|      FAST  |clk_BUFGP         |   0.000|
out0<17>    |         8.045(R)|      SLOW  |         3.403(R)|      FAST  |clk_BUFGP         |   0.000|
out0<18>    |         8.106(R)|      SLOW  |         3.444(R)|      FAST  |clk_BUFGP         |   0.000|
out0<19>    |         7.929(R)|      SLOW  |         3.306(R)|      FAST  |clk_BUFGP         |   0.000|
out0<20>    |         8.018(R)|      SLOW  |         3.385(R)|      FAST  |clk_BUFGP         |   0.000|
out0<21>    |         7.863(R)|      SLOW  |         3.291(R)|      FAST  |clk_BUFGP         |   0.000|
out0<22>    |         7.869(R)|      SLOW  |         3.301(R)|      FAST  |clk_BUFGP         |   0.000|
out0<23>    |         7.864(R)|      SLOW  |         3.287(R)|      FAST  |clk_BUFGP         |   0.000|
out0<24>    |         7.910(R)|      SLOW  |         3.343(R)|      FAST  |clk_BUFGP         |   0.000|
out0<25>    |         7.697(R)|      SLOW  |         3.178(R)|      FAST  |clk_BUFGP         |   0.000|
out0<26>    |         7.796(R)|      SLOW  |         3.225(R)|      FAST  |clk_BUFGP         |   0.000|
out0<27>    |         7.541(R)|      SLOW  |         3.109(R)|      FAST  |clk_BUFGP         |   0.000|
out0<28>    |         7.663(R)|      SLOW  |         3.167(R)|      FAST  |clk_BUFGP         |   0.000|
out0<29>    |         7.648(R)|      SLOW  |         3.159(R)|      FAST  |clk_BUFGP         |   0.000|
out0<30>    |         7.647(R)|      SLOW  |         3.160(R)|      FAST  |clk_BUFGP         |   0.000|
out0<31>    |         7.688(R)|      SLOW  |         3.181(R)|      FAST  |clk_BUFGP         |   0.000|
out0<32>    |         7.525(R)|      SLOW  |         3.092(R)|      FAST  |clk_BUFGP         |   0.000|
out0<33>    |         7.533(R)|      SLOW  |         3.092(R)|      FAST  |clk_BUFGP         |   0.000|
out0<34>    |         7.654(R)|      SLOW  |         3.165(R)|      FAST  |clk_BUFGP         |   0.000|
out0<35>    |         7.653(R)|      SLOW  |         3.154(R)|      FAST  |clk_BUFGP         |   0.000|
out0<36>    |         7.622(R)|      SLOW  |         3.141(R)|      FAST  |clk_BUFGP         |   0.000|
out0<37>    |         7.689(R)|      SLOW  |         3.194(R)|      FAST  |clk_BUFGP         |   0.000|
out0<38>    |         7.516(R)|      SLOW  |         3.093(R)|      FAST  |clk_BUFGP         |   0.000|
out0<39>    |         7.739(R)|      SLOW  |         3.230(R)|      FAST  |clk_BUFGP         |   0.000|
out0<40>    |         7.751(R)|      SLOW  |         3.231(R)|      FAST  |clk_BUFGP         |   0.000|
out0<41>    |         7.821(R)|      SLOW  |         3.264(R)|      FAST  |clk_BUFGP         |   0.000|
out0<42>    |         7.860(R)|      SLOW  |         3.278(R)|      FAST  |clk_BUFGP         |   0.000|
out0<43>    |         7.952(R)|      SLOW  |         3.329(R)|      FAST  |clk_BUFGP         |   0.000|
out0<44>    |         7.949(R)|      SLOW  |         3.325(R)|      FAST  |clk_BUFGP         |   0.000|
out0<45>    |         8.125(R)|      SLOW  |         3.476(R)|      FAST  |clk_BUFGP         |   0.000|
out0<46>    |         7.995(R)|      SLOW  |         3.347(R)|      FAST  |clk_BUFGP         |   0.000|
out0<47>    |         8.001(R)|      SLOW  |         3.350(R)|      FAST  |clk_BUFGP         |   0.000|
out0<48>    |         8.092(R)|      SLOW  |         3.398(R)|      FAST  |clk_BUFGP         |   0.000|
out0<49>    |         8.098(R)|      SLOW  |         3.374(R)|      FAST  |clk_BUFGP         |   0.000|
out0<50>    |         8.109(R)|      SLOW  |         3.385(R)|      FAST  |clk_BUFGP         |   0.000|
out0<51>    |         8.142(R)|      SLOW  |         3.416(R)|      FAST  |clk_BUFGP         |   0.000|
out0<52>    |         8.194(R)|      SLOW  |         3.449(R)|      FAST  |clk_BUFGP         |   0.000|
out0<53>    |         8.288(R)|      SLOW  |         3.497(R)|      FAST  |clk_BUFGP         |   0.000|
out0<54>    |         8.185(R)|      SLOW  |         3.435(R)|      FAST  |clk_BUFGP         |   0.000|
out0<55>    |         8.089(R)|      SLOW  |         3.383(R)|      FAST  |clk_BUFGP         |   0.000|
out0<56>    |         8.166(R)|      SLOW  |         3.432(R)|      FAST  |clk_BUFGP         |   0.000|
out0<57>    |         8.411(R)|      SLOW  |         3.546(R)|      FAST  |clk_BUFGP         |   0.000|
out0<58>    |         8.420(R)|      SLOW  |         3.544(R)|      FAST  |clk_BUFGP         |   0.000|
out0<59>    |         8.161(R)|      SLOW  |         3.432(R)|      FAST  |clk_BUFGP         |   0.000|
out0<60>    |         8.270(R)|      SLOW  |         3.477(R)|      FAST  |clk_BUFGP         |   0.000|
out0<61>    |         8.505(R)|      SLOW  |         3.597(R)|      FAST  |clk_BUFGP         |   0.000|
out0<62>    |         8.389(R)|      SLOW  |         3.547(R)|      FAST  |clk_BUFGP         |   0.000|
out0<63>    |         8.269(R)|      SLOW  |         3.496(R)|      FAST  |clk_BUFGP         |   0.000|
out1<0>     |         8.410(R)|      SLOW  |         3.613(R)|      FAST  |clk_BUFGP         |   0.000|
out1<1>     |         8.438(R)|      SLOW  |         3.655(R)|      FAST  |clk_BUFGP         |   0.000|
out1<2>     |         8.398(R)|      SLOW  |         3.591(R)|      FAST  |clk_BUFGP         |   0.000|
out1<3>     |         8.628(R)|      SLOW  |         3.760(R)|      FAST  |clk_BUFGP         |   0.000|
out1<4>     |         8.455(R)|      SLOW  |         3.635(R)|      FAST  |clk_BUFGP         |   0.000|
out1<5>     |         8.396(R)|      SLOW  |         3.589(R)|      FAST  |clk_BUFGP         |   0.000|
out1<6>     |         8.635(R)|      SLOW  |         3.791(R)|      FAST  |clk_BUFGP         |   0.000|
out1<7>     |         8.506(R)|      SLOW  |         3.683(R)|      FAST  |clk_BUFGP         |   0.000|
out1<8>     |         8.409(R)|      SLOW  |         3.629(R)|      FAST  |clk_BUFGP         |   0.000|
out1<9>     |         8.710(R)|      SLOW  |         3.799(R)|      FAST  |clk_BUFGP         |   0.000|
out1<10>    |         8.622(R)|      SLOW  |         3.750(R)|      FAST  |clk_BUFGP         |   0.000|
out1<11>    |         8.681(R)|      SLOW  |         3.781(R)|      FAST  |clk_BUFGP         |   0.000|
out1<12>    |         8.698(R)|      SLOW  |         3.787(R)|      FAST  |clk_BUFGP         |   0.000|
out1<13>    |         8.851(R)|      SLOW  |         3.868(R)|      FAST  |clk_BUFGP         |   0.000|
out1<14>    |         8.627(R)|      SLOW  |         3.706(R)|      FAST  |clk_BUFGP         |   0.000|
out1<15>    |         8.676(R)|      SLOW  |         3.728(R)|      FAST  |clk_BUFGP         |   0.000|
out1<16>    |         8.730(R)|      SLOW  |         3.808(R)|      FAST  |clk_BUFGP         |   0.000|
out1<17>    |         9.008(R)|      SLOW  |         3.912(R)|      FAST  |clk_BUFGP         |   0.000|
out1<18>    |         8.680(R)|      SLOW  |         3.751(R)|      FAST  |clk_BUFGP         |   0.000|
out1<19>    |         8.718(R)|      SLOW  |         3.754(R)|      FAST  |clk_BUFGP         |   0.000|
out1<20>    |         8.759(R)|      SLOW  |         3.781(R)|      FAST  |clk_BUFGP         |   0.000|
out1<21>    |         8.689(R)|      SLOW  |         3.746(R)|      FAST  |clk_BUFGP         |   0.000|
out1<22>    |         8.747(R)|      SLOW  |         3.774(R)|      FAST  |clk_BUFGP         |   0.000|
out1<23>    |         8.853(R)|      SLOW  |         3.878(R)|      FAST  |clk_BUFGP         |   0.000|
out1<24>    |         8.926(R)|      SLOW  |         3.893(R)|      FAST  |clk_BUFGP         |   0.000|
out1<25>    |         8.987(R)|      SLOW  |         3.905(R)|      FAST  |clk_BUFGP         |   0.000|
out1<26>    |         8.915(R)|      SLOW  |         3.878(R)|      FAST  |clk_BUFGP         |   0.000|
out1<27>    |         8.844(R)|      SLOW  |         3.845(R)|      FAST  |clk_BUFGP         |   0.000|
out1<28>    |         8.942(R)|      SLOW  |         3.899(R)|      FAST  |clk_BUFGP         |   0.000|
out1<29>    |         9.267(R)|      SLOW  |         4.053(R)|      FAST  |clk_BUFGP         |   0.000|
out1<30>    |         9.165(R)|      SLOW  |         4.013(R)|      FAST  |clk_BUFGP         |   0.000|
out1<31>    |         8.884(R)|      SLOW  |         3.842(R)|      FAST  |clk_BUFGP         |   0.000|
out1<32>    |         9.007(R)|      SLOW  |         3.945(R)|      FAST  |clk_BUFGP         |   0.000|
out1<33>    |         9.597(R)|      SLOW  |         4.236(R)|      FAST  |clk_BUFGP         |   0.000|
out1<34>    |         8.411(R)|      SLOW  |         3.638(R)|      FAST  |clk_BUFGP         |   0.000|
out1<35>    |         8.408(R)|      SLOW  |         3.618(R)|      FAST  |clk_BUFGP         |   0.000|
out1<36>    |         8.504(R)|      SLOW  |         3.738(R)|      FAST  |clk_BUFGP         |   0.000|
out1<37>    |         8.427(R)|      SLOW  |         3.699(R)|      FAST  |clk_BUFGP         |   0.000|
out1<38>    |         8.228(R)|      SLOW  |         3.505(R)|      FAST  |clk_BUFGP         |   0.000|
out1<39>    |         8.311(R)|      SLOW  |         3.563(R)|      FAST  |clk_BUFGP         |   0.000|
out1<40>    |         8.567(R)|      SLOW  |         3.715(R)|      FAST  |clk_BUFGP         |   0.000|
out1<41>    |         8.556(R)|      SLOW  |         3.789(R)|      FAST  |clk_BUFGP         |   0.000|
out1<42>    |         8.506(R)|      SLOW  |         3.643(R)|      FAST  |clk_BUFGP         |   0.000|
out1<43>    |         8.475(R)|      SLOW  |         3.597(R)|      FAST  |clk_BUFGP         |   0.000|
out1<44>    |         8.440(R)|      SLOW  |         3.585(R)|      FAST  |clk_BUFGP         |   0.000|
out1<45>    |         8.769(R)|      SLOW  |         3.897(R)|      FAST  |clk_BUFGP         |   0.000|
out1<46>    |         8.438(R)|      SLOW  |         3.630(R)|      FAST  |clk_BUFGP         |   0.000|
out1<47>    |         8.528(R)|      SLOW  |         3.708(R)|      FAST  |clk_BUFGP         |   0.000|
out1<48>    |         8.702(R)|      SLOW  |         3.795(R)|      FAST  |clk_BUFGP         |   0.000|
out1<49>    |         9.250(R)|      SLOW  |         4.150(R)|      FAST  |clk_BUFGP         |   0.000|
out1<50>    |         8.846(R)|      SLOW  |         3.831(R)|      FAST  |clk_BUFGP         |   0.000|
out1<51>    |         8.830(R)|      SLOW  |         3.829(R)|      FAST  |clk_BUFGP         |   0.000|
out1<52>    |         8.755(R)|      SLOW  |         3.788(R)|      FAST  |clk_BUFGP         |   0.000|
out1<53>    |         9.041(R)|      SLOW  |         3.964(R)|      FAST  |clk_BUFGP         |   0.000|
out1<54>    |         8.977(R)|      SLOW  |         3.916(R)|      FAST  |clk_BUFGP         |   0.000|
out1<55>    |         9.026(R)|      SLOW  |         3.996(R)|      FAST  |clk_BUFGP         |   0.000|
out1<56>    |         8.884(R)|      SLOW  |         3.848(R)|      FAST  |clk_BUFGP         |   0.000|
out1<57>    |         8.961(R)|      SLOW  |         3.862(R)|      FAST  |clk_BUFGP         |   0.000|
out1<58>    |         8.887(R)|      SLOW  |         3.843(R)|      FAST  |clk_BUFGP         |   0.000|
out1<59>    |         8.818(R)|      SLOW  |         3.803(R)|      FAST  |clk_BUFGP         |   0.000|
out1<60>    |         9.018(R)|      SLOW  |         3.893(R)|      FAST  |clk_BUFGP         |   0.000|
out1<61>    |         8.976(R)|      SLOW  |         3.882(R)|      FAST  |clk_BUFGP         |   0.000|
out1<62>    |         9.115(R)|      SLOW  |         3.946(R)|      FAST  |clk_BUFGP         |   0.000|
out1<63>    |         8.951(R)|      SLOW  |         3.879(R)|      FAST  |clk_BUFGP         |   0.000|
------------+-----------------+------------+-----------------+------------+------------------+--------+

Clock to Setup on destination clock clk
---------------+---------+---------+---------+---------+
               | Src:Rise| Src:Fall| Src:Rise| Src:Fall|
Source Clock   |Dest:Rise|Dest:Rise|Dest:Fall|Dest:Fall|
---------------+---------+---------+---------+---------+
clk            |    3.292|         |         |         |
---------------+---------+---------+---------+---------+


Analysis completed Sun Sep 13 16:19:08 2020 
--------------------------------------------------------------------------------

Trace Settings:
-------------------------
Trace Settings 

Peak Memory Usage: 5004 MB



